// Jest Snapshot v1, https://goo.gl/fbAQLP

exports[`renders 1`] = `
<Select
  autofocus={true}
  className="Select-big"
  clearable={false}
  filterOptions={[Function]}
  isLoading={false}
  noResultsText="no_results"
  onChange={[Function]}
  onInputChange={[Function]}
  optionRenderer={[Function]}
  options={Array []}
  placeholder=""
  searchable={true}
  value="group:lambda"
  valueRenderer={[Function]}
/>
`;
