// Jest Snapshot v1, https://goo.gl/fbAQLP

exports[`renders 1`] = `
<div>
  <Select
    clearable={false}
    disabled={false}
    onChange={[Function]}
    optionRenderer={[Function]}
    options={
      Array [
        Object {
          "label": "none",
          "value": "",
        },
        Object {
          "isDefault": undefined,
          "label": "name-1",
          "value": "1",
        },
        Object {
          "isDefault": undefined,
          "label": "name-2",
          "value": "2",
        },
      ]
    }
    placeholder="none"
    style={
      Object {
        "width": 300,
      }
    }
    value="1"
    valueRenderer={[Function]}
  />
</div>
`;
