// Jest Snapshot v1, https://goo.gl/fbAQLP

exports[`should render Select 1`] = `
<Select
  autofocus={true}
  cache={false}
  className="input-super-large"
  clearable={false}
  filterOption={[Function]}
  isLoading={false}
  noResultsText="select2.tooShort.2"
  onBlur={[Function]}
  onChange={[Function]}
  onInputChange={[Function]}
  options={Array []}
  placeholder="search_verb"
  searchable={true}
/>
`;
