// Jest Snapshot v1, https://goo.gl/fbAQLP

exports[`renders 1`] = `
<Modal
  contentLabel=""
  onRequestClose={[Function]}
>
  <div />
</Modal>
`;

exports[`submits 1`] = `
<Modal
  contentLabel=""
  onRequestClose={[Function]}
>
  <button
    disabled={false}
    onClick={[Function]}
  >
    close
  </button>
</Modal>
`;

exports[`submits 2`] = `
<Modal
  contentLabel=""
  onRequestClose={[Function]}
>
  <button
    disabled={true}
    onClick={[Function]}
  >
    close
  </button>
</Modal>
`;

exports[`submits 3`] = `
<Modal
  contentLabel=""
  onRequestClose={[Function]}
>
  <button
    disabled={false}
    onClick={[Function]}
  >
    close
  </button>
</Modal>
`;
